// Jest Snapshot v1, https://goo.gl/fbAQLP

exports[`<GlobalLoader /> should render page 1`] = `
ShallowWrapper {
  "length": 1,
  Symbol(enzyme.__root__): [Circular],
  Symbol(enzyme.__unrendered__): <GlobalLoader
    appState={
        Object {
            "isFetchingUserInfo": true,
          }
    }
    fetchUserInfo={[Function]}
    user={
        Object {
            "firstName": "Joe",
            "id": "123",
            "isLoggedIn": true,
            "username": "j@e.com",
          }
    }
/>,
  Symbol(enzyme.__renderer__): Object {
    "batchedUpdates": [Function],
    "getNode": [Function],
    "render": [Function],
    "simulateEvent": [Function],
    "unmount": [Function],
  },
  Symbol(enzyme.__node__): Object {
    "instance": null,
    "key": undefined,
    "nodeType": "host",
    "props": Object {
      "children": <div
        className="center"
>
        <h2
                className="mt0"
        >
                Loading...
        </h2>
</div>,
    },
    "ref": null,
    "rendered": Object {
      "instance": null,
      "key": undefined,
      "nodeType": "host",
      "props": Object {
        "children": <h2
          className="mt0"
>
          Loading...
</h2>,
        "className": "center",
      },
      "ref": null,
      "rendered": Object {
        "instance": null,
        "key": undefined,
        "nodeType": "host",
        "props": Object {
          "children": "Loading...",
          "className": "mt0",
        },
        "ref": null,
        "rendered": "Loading...",
        "type": "h2",
      },
      "type": "div",
    },
    "type": "div",
  },
  Symbol(enzyme.__nodes__): Array [
    Object {
      "instance": null,
      "key": undefined,
      "nodeType": "host",
      "props": Object {
        "children": <div
          className="center"
>
          <h2
                    className="mt0"
          >
                    Loading...
          </h2>
</div>,
      },
      "ref": null,
      "rendered": Object {
        "instance": null,
        "key": undefined,
        "nodeType": "host",
        "props": Object {
          "children": <h2
            className="mt0"
>
            Loading...
</h2>,
          "className": "center",
        },
        "ref": null,
        "rendered": Object {
          "instance": null,
          "key": undefined,
          "nodeType": "host",
          "props": Object {
            "children": "Loading...",
            "className": "mt0",
          },
          "ref": null,
          "rendered": "Loading...",
          "type": "h2",
        },
        "type": "div",
      },
      "type": "div",
    },
  ],
  Symbol(enzyme.__options__): Object {
    "adapter": ReactSixteenAdapter {
      "options": Object {
        "enableComponentDidUpdateOnSetState": true,
      },
    },
  },
}
`;
