// Jest Snapshot v1, https://goo.gl/fbAQLP

exports[`<HomePage /> should render page 1`] = `
ShallowWrapper {
  "length": 1,
  Symbol(enzyme.__root__): [Circular],
  Symbol(enzyme.__unrendered__): <HomePage
    appState={
        Object {
            "isFetchingUserInfo": true,
          }
    }
    fetchUserInfo={[Function]}
    user={
        Object {
            "firstName": "Joe",
            "id": "123",
            "isLoggedIn": true,
            "username": "j@e.com",
          }
    }
/>,
  Symbol(enzyme.__renderer__): Object {
    "batchedUpdates": [Function],
    "getNode": [Function],
    "render": [Function],
    "simulateEvent": [Function],
    "unmount": [Function],
  },
  Symbol(enzyme.__node__): Object {
    "instance": null,
    "key": undefined,
    "nodeType": "host",
    "props": Object {
      "children": <div
        className="mt7"
>
        <ReturnMessage
                user={
                        Object {
                                "firstName": "Joe",
                                "id": "123",
                                "isLoggedIn": true,
                                "username": "j@e.com",
                              }
                }
        />
</div>,
    },
    "ref": null,
    "rendered": Object {
      "instance": null,
      "key": undefined,
      "nodeType": "host",
      "props": Object {
        "children": <ReturnMessage
          user={
                    Object {
                              "firstName": "Joe",
                              "id": "123",
                              "isLoggedIn": true,
                              "username": "j@e.com",
                            }
          }
/>,
        "className": "mt7",
      },
      "ref": null,
      "rendered": Object {
        "instance": null,
        "key": undefined,
        "nodeType": "function",
        "props": Object {
          "user": Object {
            "firstName": "Joe",
            "id": "123",
            "isLoggedIn": true,
            "username": "j@e.com",
          },
        },
        "ref": null,
        "rendered": null,
        "type": [Function],
      },
      "type": "div",
    },
    "type": "div",
  },
  Symbol(enzyme.__nodes__): Array [
    Object {
      "instance": null,
      "key": undefined,
      "nodeType": "host",
      "props": Object {
        "children": <div
          className="mt7"
>
          <ReturnMessage
                    user={
                              Object {
                                        "firstName": "Joe",
                                        "id": "123",
                                        "isLoggedIn": true,
                                        "username": "j@e.com",
                                      }
                    }
          />
</div>,
      },
      "ref": null,
      "rendered": Object {
        "instance": null,
        "key": undefined,
        "nodeType": "host",
        "props": Object {
          "children": <ReturnMessage
            user={
                        Object {
                                    "firstName": "Joe",
                                    "id": "123",
                                    "isLoggedIn": true,
                                    "username": "j@e.com",
                                  }
            }
/>,
          "className": "mt7",
        },
        "ref": null,
        "rendered": Object {
          "instance": null,
          "key": undefined,
          "nodeType": "function",
          "props": Object {
            "user": Object {
              "firstName": "Joe",
              "id": "123",
              "isLoggedIn": true,
              "username": "j@e.com",
            },
          },
          "ref": null,
          "rendered": null,
          "type": [Function],
        },
        "type": "div",
      },
      "type": "div",
    },
  ],
  Symbol(enzyme.__options__): Object {
    "adapter": ReactSixteenAdapter {
      "options": Object {
        "enableComponentDidUpdateOnSetState": true,
      },
    },
  },
}
`;
