// Jest Snapshot v1, https://goo.gl/fbAQLP

exports[`<MainContainer /> should render page 1`] = `
ShallowWrapper {
  "length": 1,
  Symbol(enzyme.__root__): [Circular],
  Symbol(enzyme.__unrendered__): <Unknown
    appState={
        Object {
            "message": null,
          }
    }
    user={
        Object {
            "firstName": "Joe",
            "id": "123",
            "isLoggedIn": true,
            "username": "j@e.com",
          }
    }
/>,
  Symbol(enzyme.__renderer__): Object {
    "batchedUpdates": [Function],
    "getNode": [Function],
    "render": [Function],
    "simulateEvent": [Function],
    "unmount": [Function],
  },
  Symbol(enzyme.__node__): Object {
    "instance": null,
    "key": undefined,
    "nodeType": "host",
    "props": Object {
      "children": Array [
        <div>
          <Header
                    firstName="Joe"
                    isLoggedIn={true}
                    logoutUser={undefined}
          />
</div>,
        <div
          className="vh-100 w-100 overflow-auto fl"
          style={
                    Object {
                              "background": "url(dirt.jpg) no-repeat",
                              "backgroundAttachment": "fixed",
                              "backgroundSize": "cover",
                            }
          }
/>,
      ],
    },
    "ref": null,
    "rendered": Array [
      Object {
        "instance": null,
        "key": undefined,
        "nodeType": "host",
        "props": Object {
          "children": Array [
            <Header
              firstName="Joe"
              isLoggedIn={true}
              logoutUser={undefined}
/>,
            null,
          ],
        },
        "ref": null,
        "rendered": Array [
          Object {
            "instance": null,
            "key": undefined,
            "nodeType": "class",
            "props": Object {
              "firstName": "Joe",
              "isLoggedIn": true,
              "logoutUser": undefined,
            },
            "ref": null,
            "rendered": null,
            "type": [Function],
          },
          null,
        ],
        "type": "div",
      },
      Object {
        "instance": null,
        "key": undefined,
        "nodeType": "host",
        "props": Object {
          "children": undefined,
          "className": "vh-100 w-100 overflow-auto fl",
          "style": Object {
            "background": "url(dirt.jpg) no-repeat",
            "backgroundAttachment": "fixed",
            "backgroundSize": "cover",
          },
        },
        "ref": null,
        "rendered": null,
        "type": "div",
      },
    ],
    "type": "div",
  },
  Symbol(enzyme.__nodes__): Array [
    Object {
      "instance": null,
      "key": undefined,
      "nodeType": "host",
      "props": Object {
        "children": Array [
          <div>
            <Header
                        firstName="Joe"
                        isLoggedIn={true}
                        logoutUser={undefined}
            />
</div>,
          <div
            className="vh-100 w-100 overflow-auto fl"
            style={
                        Object {
                                    "background": "url(dirt.jpg) no-repeat",
                                    "backgroundAttachment": "fixed",
                                    "backgroundSize": "cover",
                                  }
            }
/>,
        ],
      },
      "ref": null,
      "rendered": Array [
        Object {
          "instance": null,
          "key": undefined,
          "nodeType": "host",
          "props": Object {
            "children": Array [
              <Header
                firstName="Joe"
                isLoggedIn={true}
                logoutUser={undefined}
/>,
              null,
            ],
          },
          "ref": null,
          "rendered": Array [
            Object {
              "instance": null,
              "key": undefined,
              "nodeType": "class",
              "props": Object {
                "firstName": "Joe",
                "isLoggedIn": true,
                "logoutUser": undefined,
              },
              "ref": null,
              "rendered": null,
              "type": [Function],
            },
            null,
          ],
          "type": "div",
        },
        Object {
          "instance": null,
          "key": undefined,
          "nodeType": "host",
          "props": Object {
            "children": undefined,
            "className": "vh-100 w-100 overflow-auto fl",
            "style": Object {
              "background": "url(dirt.jpg) no-repeat",
              "backgroundAttachment": "fixed",
              "backgroundSize": "cover",
            },
          },
          "ref": null,
          "rendered": null,
          "type": "div",
        },
      ],
      "type": "div",
    },
  ],
  Symbol(enzyme.__options__): Object {
    "adapter": ReactSixteenAdapter {
      "options": Object {
        "enableComponentDidUpdateOnSetState": true,
      },
    },
  },
}
`;
